// Jest Snapshot v1, https://goo.gl/fbAQLP

exports[`should render a App component correctly 1`] = `
ShallowWrapper {
  "length": 1,
  Symbol(enzyme.__root__): [Circular],
  Symbol(enzyme.__unrendered__): <App
    data={
      Object {
        "carOfTheWeek": Object {
          "Name": "Platanito",
          "imageUrl": "http://rediff.com/image.png",
        },
      }
    }
  />,
  Symbol(enzyme.__renderer__): Object {
    "batchedUpdates": [Function],
    "getNode": [Function],
    "render": [Function],
    "simulateEvent": [Function],
    "unmount": [Function],
  },
  Symbol(enzyme.__node__): Object {
    "instance": null,
    "key": undefined,
    "nodeType": "host",
    "props": Object {
      "children": Array [
        <h1>
          Car of the Week
        </h1>,
        <div
          className="detail-page"
        >
          <img
            alt="loading..."
            className="car-image"
            src="http://rediff.com/image.png"
          />
          <div
            className="review-text"
          />
          <Link
            replace={false}
            to="/search"
          >
            <button
              className="search-button"
            >
              Search Catalog
            </button>
          </Link>
        </div>,
      ],
    },
    "ref": null,
    "rendered": Array [
      Object {
        "instance": null,
        "key": undefined,
        "nodeType": "host",
        "props": Object {
          "children": "Car of the Week",
        },
        "ref": null,
        "rendered": "Car of the Week",
        "type": "h1",
      },
      Object {
        "instance": null,
        "key": undefined,
        "nodeType": "host",
        "props": Object {
          "children": Array [
            <img
              alt="loading..."
              className="car-image"
              src="http://rediff.com/image.png"
            />,
            <div
              className="review-text"
            />,
            <Link
              replace={false}
              to="/search"
            >
              <button
                className="search-button"
              >
                Search Catalog
              </button>
            </Link>,
          ],
          "className": "detail-page",
        },
        "ref": null,
        "rendered": Array [
          Object {
            "instance": null,
            "key": undefined,
            "nodeType": "host",
            "props": Object {
              "alt": "loading...",
              "className": "car-image",
              "src": "http://rediff.com/image.png",
            },
            "ref": null,
            "rendered": null,
            "type": "img",
          },
          Object {
            "instance": null,
            "key": undefined,
            "nodeType": "host",
            "props": Object {
              "children": undefined,
              "className": "review-text",
            },
            "ref": null,
            "rendered": null,
            "type": "div",
          },
          Object {
            "instance": null,
            "key": undefined,
            "nodeType": "class",
            "props": Object {
              "children": <button
                className="search-button"
              >
                Search Catalog
              </button>,
              "replace": false,
              "to": "/search",
            },
            "ref": null,
            "rendered": Object {
              "instance": null,
              "key": undefined,
              "nodeType": "host",
              "props": Object {
                "children": "Search Catalog",
                "className": "search-button",
              },
              "ref": null,
              "rendered": "Search Catalog",
              "type": "button",
            },
            "type": [Function],
          },
        ],
        "type": "div",
      },
    ],
    "type": "div",
  },
  Symbol(enzyme.__nodes__): Array [
    Object {
      "instance": null,
      "key": undefined,
      "nodeType": "host",
      "props": Object {
        "children": Array [
          <h1>
            Car of the Week
          </h1>,
          <div
            className="detail-page"
          >
            <img
              alt="loading..."
              className="car-image"
              src="http://rediff.com/image.png"
            />
            <div
              className="review-text"
            />
            <Link
              replace={false}
              to="/search"
            >
              <button
                className="search-button"
              >
                Search Catalog
              </button>
            </Link>
          </div>,
        ],
      },
      "ref": null,
      "rendered": Array [
        Object {
          "instance": null,
          "key": undefined,
          "nodeType": "host",
          "props": Object {
            "children": "Car of the Week",
          },
          "ref": null,
          "rendered": "Car of the Week",
          "type": "h1",
        },
        Object {
          "instance": null,
          "key": undefined,
          "nodeType": "host",
          "props": Object {
            "children": Array [
              <img
                alt="loading..."
                className="car-image"
                src="http://rediff.com/image.png"
              />,
              <div
                className="review-text"
              />,
              <Link
                replace={false}
                to="/search"
              >
                <button
                  className="search-button"
                >
                  Search Catalog
                </button>
              </Link>,
            ],
            "className": "detail-page",
          },
          "ref": null,
          "rendered": Array [
            Object {
              "instance": null,
              "key": undefined,
              "nodeType": "host",
              "props": Object {
                "alt": "loading...",
                "className": "car-image",
                "src": "http://rediff.com/image.png",
              },
              "ref": null,
              "rendered": null,
              "type": "img",
            },
            Object {
              "instance": null,
              "key": undefined,
              "nodeType": "host",
              "props": Object {
                "children": undefined,
                "className": "review-text",
              },
              "ref": null,
              "rendered": null,
              "type": "div",
            },
            Object {
              "instance": null,
              "key": undefined,
              "nodeType": "class",
              "props": Object {
                "children": <button
                  className="search-button"
                >
                  Search Catalog
                </button>,
                "replace": false,
                "to": "/search",
              },
              "ref": null,
              "rendered": Object {
                "instance": null,
                "key": undefined,
                "nodeType": "host",
                "props": Object {
                  "children": "Search Catalog",
                  "className": "search-button",
                },
                "ref": null,
                "rendered": "Search Catalog",
                "type": "button",
              },
              "type": [Function],
            },
          ],
          "type": "div",
        },
      ],
      "type": "div",
    },
  ],
  Symbol(enzyme.__options__): Object {
    "adapter": ReactSixteenAdapter {
      "options": Object {
        "enableComponentDidUpdateOnSetState": true,
      },
    },
  },
}
`;
