// Jest Snapshot v1, https://goo.gl/fbAQLP

exports[`should render a SearchModel component correctly 1`] = `
ShallowWrapper {
  "length": 1,
  Symbol(enzyme.__root__): [Circular],
  Symbol(enzyme.__unrendered__): <SearchModel
    data={
      Object {
        "models": Array [
          Object {
            "Name": "i30",
            "id": 1,
          },
        ],
      }
    }
    onModelSelect={[Function]}
  />,
  Symbol(enzyme.__renderer__): Object {
    "batchedUpdates": [Function],
    "getNode": [Function],
    "render": [Function],
    "simulateEvent": [Function],
    "unmount": [Function],
  },
  Symbol(enzyme.__node__): Object {
    "instance": null,
    "key": undefined,
    "nodeType": "host",
    "props": Object {
      "children": <select
        onChange={[Function]}
        value={undefined}
      >
        <option>
          Select Car Model
        </option>
        <option
          value={1}
        />
      </select>,
    },
    "ref": null,
    "rendered": Object {
      "instance": null,
      "key": undefined,
      "nodeType": "host",
      "props": Object {
        "children": Array [
          <option>
            Select Car Model
          </option>,
          Array [
            <option
              value={1}
            />,
          ],
        ],
        "onChange": [Function],
        "value": undefined,
      },
      "ref": null,
      "rendered": Array [
        Object {
          "instance": null,
          "key": undefined,
          "nodeType": "host",
          "props": Object {
            "children": "Select Car Model",
          },
          "ref": null,
          "rendered": "Select Car Model",
          "type": "option",
        },
        Object {
          "instance": null,
          "key": "1",
          "nodeType": "host",
          "props": Object {
            "children": undefined,
            "value": 1,
          },
          "ref": null,
          "rendered": null,
          "type": "option",
        },
      ],
      "type": "select",
    },
    "type": "div",
  },
  Symbol(enzyme.__nodes__): Array [
    Object {
      "instance": null,
      "key": undefined,
      "nodeType": "host",
      "props": Object {
        "children": <select
          onChange={[Function]}
          value={undefined}
        >
          <option>
            Select Car Model
          </option>
          <option
            value={1}
          />
        </select>,
      },
      "ref": null,
      "rendered": Object {
        "instance": null,
        "key": undefined,
        "nodeType": "host",
        "props": Object {
          "children": Array [
            <option>
              Select Car Model
            </option>,
            Array [
              <option
                value={1}
              />,
            ],
          ],
          "onChange": [Function],
          "value": undefined,
        },
        "ref": null,
        "rendered": Array [
          Object {
            "instance": null,
            "key": undefined,
            "nodeType": "host",
            "props": Object {
              "children": "Select Car Model",
            },
            "ref": null,
            "rendered": "Select Car Model",
            "type": "option",
          },
          Object {
            "instance": null,
            "key": "1",
            "nodeType": "host",
            "props": Object {
              "children": undefined,
              "value": 1,
            },
            "ref": null,
            "rendered": null,
            "type": "option",
          },
        ],
        "type": "select",
      },
      "type": "div",
    },
  ],
  Symbol(enzyme.__options__): Object {
    "adapter": ReactSixteenAdapter {
      "options": Object {
        "enableComponentDidUpdateOnSetState": true,
      },
    },
  },
}
`;
