// Jest Snapshot v1, https://goo.gl/fbAQLP

exports[`should render a SearchContainer component correctly 1`] = `
ShallowWrapper {
  "length": 1,
  Symbol(enzyme.__root__): [Circular],
  Symbol(enzyme.__unrendered__): <SearchContainer />,
  Symbol(enzyme.__renderer__): Object {
    "batchedUpdates": [Function],
    "getNode": [Function],
    "render": [Function],
    "simulateEvent": [Function],
    "unmount": [Function],
  },
  Symbol(enzyme.__node__): Object {
    "instance": null,
    "key": undefined,
    "nodeType": "host",
    "props": Object {
      "children": Array [
        <h1>
          Browse Catalog
        </h1>,
        <div
          className="search-container"
        >
          <Apollo(SearchMake)
            makeId={0}
            onMakeSelect={[Function]}
          />
          <Apollo(SearchModel)
            makeId={0}
            modelId={undefined}
            onModelSelect={[Function]}
          />
          <div
            className="button-group"
          >
            <button
              className="search-button disabled"
              disabled={true}
            >
              Details
            </button>
            <Link
              replace={false}
              to="/"
            >
              <button
                className="search-button"
              >
                Home
              </button>
            </Link>
          </div>
        </div>,
      ],
    },
    "ref": null,
    "rendered": Array [
      Object {
        "instance": null,
        "key": undefined,
        "nodeType": "host",
        "props": Object {
          "children": "Browse Catalog",
        },
        "ref": null,
        "rendered": "Browse Catalog",
        "type": "h1",
      },
      Object {
        "instance": null,
        "key": undefined,
        "nodeType": "host",
        "props": Object {
          "children": Array [
            <Apollo(SearchMake)
              makeId={0}
              onMakeSelect={[Function]}
            />,
            <Apollo(SearchModel)
              makeId={0}
              modelId={undefined}
              onModelSelect={[Function]}
            />,
            <div
              className="button-group"
            >
              <button
                className="search-button disabled"
                disabled={true}
              >
                Details
              </button>
              <Link
                replace={false}
                to="/"
              >
                <button
                  className="search-button"
                >
                  Home
                </button>
              </Link>
            </div>,
          ],
          "className": "search-container",
        },
        "ref": null,
        "rendered": Array [
          Object {
            "instance": null,
            "key": undefined,
            "nodeType": "class",
            "props": Object {
              "makeId": 0,
              "onMakeSelect": [Function],
            },
            "ref": null,
            "rendered": null,
            "type": [Function],
          },
          Object {
            "instance": null,
            "key": undefined,
            "nodeType": "class",
            "props": Object {
              "makeId": 0,
              "modelId": undefined,
              "onModelSelect": [Function],
            },
            "ref": null,
            "rendered": null,
            "type": [Function],
          },
          Object {
            "instance": null,
            "key": undefined,
            "nodeType": "host",
            "props": Object {
              "children": Array [
                <button
                  className="search-button disabled"
                  disabled={true}
                >
                  Details
                </button>,
                <Link
                  replace={false}
                  to="/"
                >
                  <button
                    className="search-button"
                  >
                    Home
                  </button>
                </Link>,
              ],
              "className": "button-group",
            },
            "ref": null,
            "rendered": Array [
              Object {
                "instance": null,
                "key": undefined,
                "nodeType": "host",
                "props": Object {
                  "children": "Details",
                  "className": "search-button disabled",
                  "disabled": true,
                },
                "ref": null,
                "rendered": "Details",
                "type": "button",
              },
              Object {
                "instance": null,
                "key": undefined,
                "nodeType": "class",
                "props": Object {
                  "children": <button
                    className="search-button"
                  >
                    Home
                  </button>,
                  "replace": false,
                  "to": "/",
                },
                "ref": null,
                "rendered": Object {
                  "instance": null,
                  "key": undefined,
                  "nodeType": "host",
                  "props": Object {
                    "children": "Home",
                    "className": "search-button",
                  },
                  "ref": null,
                  "rendered": "Home",
                  "type": "button",
                },
                "type": [Function],
              },
            ],
            "type": "div",
          },
        ],
        "type": "div",
      },
    ],
    "type": "div",
  },
  Symbol(enzyme.__nodes__): Array [
    Object {
      "instance": null,
      "key": undefined,
      "nodeType": "host",
      "props": Object {
        "children": Array [
          <h1>
            Browse Catalog
          </h1>,
          <div
            className="search-container"
          >
            <Apollo(SearchMake)
              makeId={0}
              onMakeSelect={[Function]}
            />
            <Apollo(SearchModel)
              makeId={0}
              modelId={undefined}
              onModelSelect={[Function]}
            />
            <div
              className="button-group"
            >
              <button
                className="search-button disabled"
                disabled={true}
              >
                Details
              </button>
              <Link
                replace={false}
                to="/"
              >
                <button
                  className="search-button"
                >
                  Home
                </button>
              </Link>
            </div>
          </div>,
        ],
      },
      "ref": null,
      "rendered": Array [
        Object {
          "instance": null,
          "key": undefined,
          "nodeType": "host",
          "props": Object {
            "children": "Browse Catalog",
          },
          "ref": null,
          "rendered": "Browse Catalog",
          "type": "h1",
        },
        Object {
          "instance": null,
          "key": undefined,
          "nodeType": "host",
          "props": Object {
            "children": Array [
              <Apollo(SearchMake)
                makeId={0}
                onMakeSelect={[Function]}
              />,
              <Apollo(SearchModel)
                makeId={0}
                modelId={undefined}
                onModelSelect={[Function]}
              />,
              <div
                className="button-group"
              >
                <button
                  className="search-button disabled"
                  disabled={true}
                >
                  Details
                </button>
                <Link
                  replace={false}
                  to="/"
                >
                  <button
                    className="search-button"
                  >
                    Home
                  </button>
                </Link>
              </div>,
            ],
            "className": "search-container",
          },
          "ref": null,
          "rendered": Array [
            Object {
              "instance": null,
              "key": undefined,
              "nodeType": "class",
              "props": Object {
                "makeId": 0,
                "onMakeSelect": [Function],
              },
              "ref": null,
              "rendered": null,
              "type": [Function],
            },
            Object {
              "instance": null,
              "key": undefined,
              "nodeType": "class",
              "props": Object {
                "makeId": 0,
                "modelId": undefined,
                "onModelSelect": [Function],
              },
              "ref": null,
              "rendered": null,
              "type": [Function],
            },
            Object {
              "instance": null,
              "key": undefined,
              "nodeType": "host",
              "props": Object {
                "children": Array [
                  <button
                    className="search-button disabled"
                    disabled={true}
                  >
                    Details
                  </button>,
                  <Link
                    replace={false}
                    to="/"
                  >
                    <button
                      className="search-button"
                    >
                      Home
                    </button>
                  </Link>,
                ],
                "className": "button-group",
              },
              "ref": null,
              "rendered": Array [
                Object {
                  "instance": null,
                  "key": undefined,
                  "nodeType": "host",
                  "props": Object {
                    "children": "Details",
                    "className": "search-button disabled",
                    "disabled": true,
                  },
                  "ref": null,
                  "rendered": "Details",
                  "type": "button",
                },
                Object {
                  "instance": null,
                  "key": undefined,
                  "nodeType": "class",
                  "props": Object {
                    "children": <button
                      className="search-button"
                    >
                      Home
                    </button>,
                    "replace": false,
                    "to": "/",
                  },
                  "ref": null,
                  "rendered": Object {
                    "instance": null,
                    "key": undefined,
                    "nodeType": "host",
                    "props": Object {
                      "children": "Home",
                      "className": "search-button",
                    },
                    "ref": null,
                    "rendered": "Home",
                    "type": "button",
                  },
                  "type": [Function],
                },
              ],
              "type": "div",
            },
          ],
          "type": "div",
        },
      ],
      "type": "div",
    },
  ],
  Symbol(enzyme.__options__): Object {
    "adapter": ReactSixteenAdapter {
      "options": Object {
        "enableComponentDidUpdateOnSetState": true,
      },
    },
  },
}
`;
